// Jest Snapshot v1, https://goo.gl/fbAQLP

exports[`Editor should match snapshot with issue URL 1`] = `
<DocumentFragment>
  .emotion-2 {
  padding: 40px;
}

.emotion-2 h1 {
  font-size: 28px;
  color: #798291;
}

.emotion-2 h2 {
  font-size: 20px;
}

.emotion-2 strong {
  color: #313d3e;
  font-weight: 500;
}

.emotion-2 hr {
  width: 200px;
  margin: 30px 0;
  border: 0;
  height: 1px;
  background-color: #798291;
}

.emotion-2 a {
  color: #3a69c7;
}

.emotion-0 {
  color: #798291;
}

<div
    class="emotion-2 emotion-3"
  >
    <h1>
      ui.errorBoundary.title
    </h1>
    <p>
      <span>
        ui.errorBoundary.details
      </span>
      <a
        data-testid="issue-url"
        href="https://github.com/netlify/netlify-cms/issues/new?title=Error%3A+Some+unknown+error&body=%0A**Describe+the+bug**%0A%0A**To+Reproduce**%0A%0A**Expected+behavior**%0A%0A**Screenshots**%0A%0A**Applicable+Versions%3A**%0A+-+Netlify+CMS+version%3A+%60%60%0A+-+Git+provider%3A+%60github%60%0A+-+Browser+version%3A+%60Test+User+Agent%60%0A%0A**CMS+configuration**%0A%60%60%60%0Abackend%3A%0A++name%3A+github%0A%0A%60%60%60%0A%0A**Additional+context**%0A&labels=type%3A+bug"
        rel="noopener noreferrer"
        target="_blank"
      >
        ui.errorBoundary.reportIt
      </a>
    </p>
    <p>
      <span
        class="emotion-0 emotion-1"
      >
        ui.errorBoundary.privacyWarning
      </span>
      <br />
    </p>
    <hr />
    <h2>
      ui.errorBoundary.detailsHeading
    </h2>
    <p>
      Error: Some unknown error
    at WithError (/packages/netlify-cms-core/src/components/UI/__tests__/ErrorBoundary.spec.js:8:9)
    at renderWithHooks (/node_modules/react-dom/cjs/react-dom.development.js:14803:18)
    at mountIndeterminateComponent (/node_modules/react-dom/cjs/react-dom.development.js:17482:13)
    at beginWork (/node_modules/react-dom/cjs/react-dom.development.js:18596:16)
    at HTMLUnknownElement.callCallback (/node_modules/react-dom/cjs/react-dom.development.js:188:14)
    at HTMLUnknownElement.callTheUserObjectsOperation (/node_modules/jsdom/lib/jsdom/living/generated/EventListener.js:26:30)
    at innerInvokeEventListeners (/node_modules/jsdom/lib/jsdom/living/events/EventTarget-impl.js:338:25)
    at invokeEventListeners (/node_modules/jsdom/lib/jsdom/living/events/EventTarget-impl.js:274:3)
    at HTMLUnknownElementImpl._dispatch (/node_modules/jsdom/lib/jsdom/living/events/EventTarget-impl.js:221:9)
    at HTMLUnknownElementImpl.dispatchEvent (/node_modules/jsdom/lib/jsdom/living/events/EventTarget-impl.js:94:17)
    at HTMLUnknownElement.dispatchEvent (/node_modules/jsdom/lib/jsdom/living/generated/EventTarget.js:231:34)
    at Object.invokeGuardedCallbackDev (/node_modules/react-dom/cjs/react-dom.development.js:237:16)
    at invokeGuardedCallback (/node_modules/react-dom/cjs/react-dom.development.js:292:31)
    at beginWork$1 (/node_modules/react-dom/cjs/react-dom.development.js:23203:7)
    at performUnitOfWork (/node_modules/react-dom/cjs/react-dom.development.js:22157:12)
    at workLoopSync (/node_modules/react-dom/cjs/react-dom.development.js:22130:22)
    at performSyncWorkOnRoot (/node_modules/react-dom/cjs/react-dom.development.js:21756:9)
    at scheduleUpdateOnFiber (/node_modules/react-dom/cjs/react-dom.development.js:21188:7)
    at updateContainer (/node_modules/react-dom/cjs/react-dom.development.js:24373:3)
    at /node_modules/react-dom/cjs/react-dom.development.js:24758:7
    at unbatchedUpdates (/node_modules/react-dom/cjs/react-dom.development.js:21903:12)
    at legacyRenderSubtreeIntoContainer (/node_modules/react-dom/cjs/react-dom.development.js:24757:5)
    at Object.render (/node_modules/react-dom/cjs/react-dom.development.js:24840:10)
    at /node_modules/@testing-library/react/dist/pure.js:101:25
    at batchedUpdates$1 (/node_modules/react-dom/cjs/react-dom.development.js:21856:12)
    at act (/node_modules/react-dom/cjs/react-dom-test-utils.development.js:929:14)
    at render (/node_modules/@testing-library/react/dist/pure.js:97:26)
    at Object.&lt;anonymous&gt; (/packages/netlify-cms-core/src/components/UI/__tests__/ErrorBoundary.spec.js:37:41)
    at Promise.then.completed (/node_modules/jest-circus/build/utils.js:391:28)
    at new Promise (&lt;anonymous&gt;)
    at callAsyncCircusFn (/node_modules/jest-circus/build/utils.js:316:10)
    at _callCircusTest (/node_modules/jest-circus/build/run.js:218:40)
    at _runTest (/node_modules/jest-circus/build/run.js:155:3)
    at _runTestsForDescribeBlock (/node_modules/jest-circus/build/run.js:66:9)
    at _runTestsForDescribeBlock (/node_modules/jest-circus/build/run.js:60:9)
    at run (/node_modules/jest-circus/build/run.js:25:3)
    at runAndTransformResultsToJestFormat (/node_modules/jest-circus/build/legacy-code-todo-rewrite/jestAdapterInit.js:170:21)
    at jestAdapter (/node_modules/jest-circus/build/legacy-code-todo-rewrite/jestAdapter.js:82:19)
    at runTestInternal (/node_modules/jest-runner/build/runTest.js:389:16)
    at runTest (/node_modules/jest-runner/build/runTest.js:475:34)
    at Object.worker (/node_modules/jest-runner/build/testWorker.js:133:12)
    </p>
  </div>
</DocumentFragment>
`;
